
> red-flames@0.0.0 build
> next build

  ▲ Next.js 14.2.35

   Creating an optimized production build ...
 ✓ Compiled successfully
   Linting and checking validity of types ...
   Collecting page data ...
 ⚠ Using edge runtime on a page currently disables static generation for that page
   Generating static pages (0/25) ...
   Generating static pages (6/25) 
   Generating static pages (12/25) 
   Generating static pages (18/25) 
 ✓ Generating static pages (25/25)
   Finalizing page optimization ...
   Collecting build traces ...

Route (app)                              Size     First Load JS
┌ ƒ /                                    10.1 kB         153 kB
├ ƒ /_not-found                          146 B          87.5 kB
├ ƒ /about                               415 B          92.9 kB
├ ƒ /agb                                 305 B          87.6 kB
├ ƒ /api/health                          0 B                0 B
├ ƒ /api/monitoring/conversions          0 B                0 B
├ ƒ /api/monitoring/deployments          0 B                0 B
├ ƒ /api/monitoring/errors               0 B                0 B
├ ƒ /api/monitoring/vitals               0 B                0 B
├ ƒ /barrierefreiheit                    146 B          87.5 kB
├ ƒ /contact                             14.8 kB         185 kB
├ ƒ /cookie-richtlinie                   314 B          96.3 kB
├ ƒ /datenschutz                         305 B          87.6 kB
├ ƒ /dev/dashboard                       473 B          87.8 kB
├ ƒ /dev/errors                          495 B          87.8 kB
├ ƒ /dev/seo-status                      301 B          87.6 kB
├ ƒ /gallery                             2.85 kB        95.3 kB
├ ƒ /icon                                0 B                0 B
├ ƒ /impressum                           305 B          87.6 kB
├ ƒ /menu                                8.6 kB          138 kB
├ ƒ /reservation                         3.95 kB         137 kB
├ ○ /robots.txt                          0 B                0 B
├ ○ /sitemap.xml                         0 B                0 B
└ ƒ /status                              1.08 kB        88.4 kB
+ First Load JS shared by all            87.3 kB
  ├ chunks/966-637a6f9fbc11e9cc.js       31.7 kB
  ├ chunks/fd9d1056-6922f449a204c2cc.js  53.6 kB
  └ other shared chunks (total)          1.96 kB


ƒ Middleware                             27.4 kB

○  (Static)   prerendered as static content
ƒ  (Dynamic)  server-rendered on demand

