src/app/contact/PageClient.tsx(17,27): error TS7006: Parameter 'e' implicitly has an 'any' type.
src/app/contact/PageClient.tsx(21,27): error TS7006: Parameter 'e' implicitly has an 'any' type.
src/app/contact/PageClient.tsx(90,37): error TS2322: Type 'string' is not assignable to type 'boolean | undefined'.
src/app/contact/PageClient.tsx(164,45): error TS2322: Type 'string' is not assignable to type 'number'.
src/app/gallery/PageClient.tsx(42,69): error TS2345: Argument of type '{ src: string; category: string; }' is not assignable to parameter of type 'SetStateAction<null>'.
  Type '{ src: string; category: string; }' provides no match for the signature '(prevState: null): null'.
src/app/gallery/PageClient.tsx(80,48): error TS2339: Property 'src' does not exist on type 'never'.
src/app/gallery/PageClient.tsx(81,70): error TS2339: Property 'category' does not exist on type 'never'.
src/app/menu/PageClient.tsx(22,27): error TS7006: Parameter 'filterId' implicitly has an 'any' type.
src/app/menu/PageClient.tsx(23,26): error TS2345: Argument of type '(prev: never[]) => any[]' is not assignable to parameter of type 'SetStateAction<never[]>'.
  Type '(prev: never[]) => any[]' is not assignable to type '(prevState: never[]) => never[]'.
    Type 'any[]' is not assignable to type 'never[]'.
      Type 'any' is not assignable to type 'never'.
src/app/menu/PageClient.tsx(24,27): error TS2345: Argument of type 'any' is not assignable to parameter of type 'never'.
src/app/menu/PageClient.tsx(35,44): error TS2345: Argument of type '"spicy"' is not assignable to parameter of type 'never'.
src/app/menu/PageClient.tsx(48,38): error TS2339: Property 'children' does not exist on type 'never'.
src/app/menu/PageClient.tsx(62,31): error TS7006: Parameter 'level' implicitly has an 'any' type.
src/app/menu/PageClient.tsx(126,78): error TS2345: Argument of type 'string' is not assignable to parameter of type 'never'.
src/app/menu/PageClient.tsx(129,68): error TS2345: Argument of type 'string' is not assignable to parameter of type 'never'.
src/app/reservation/PageClient.tsx(19,27): error TS7006: Parameter 'e' implicitly has an 'any' type.
src/app/reservation/PageClient.tsx(23,27): error TS7006: Parameter 'e' implicitly has an 'any' type.
src/components/contact/ContactForm.tsx(17,27): error TS7006: Parameter 'e' implicitly has an 'any' type.
src/components/contact/ContactForm.tsx(21,27): error TS7006: Parameter 'e' implicitly has an 'any' type.
src/components/contact/ContactForm.tsx(89,25): error TS2322: Type 'string' is not assignable to type 'number'.
src/components/contact/ContactForm.tsx(97,18): error TS2741: Property 'onClick' is missing in type '{ children: Element; variant: string; className: string; disabled: boolean; }' but required in type '{ children: any; onClick: any; variant?: string | undefined; size?: string | undefined; icon?: null | undefined; disabled?: boolean | undefined; className: any; type?: string | undefined; }'.
src/components/effects/CustomCursor.tsx(12,38): error TS7006: Parameter 'e' implicitly has an 'any' type.
src/components/effects/CustomCursor.tsx(16,34): error TS7006: Parameter 'e' implicitly has an 'any' type.
src/components/effects/FlameBackground.tsx(11,21): error TS18047: 'canvas' is possibly 'null'.
src/components/effects/FlameBackground.tsx(12,13): error TS7034: Variable 'animationId' implicitly has type 'any' in some locations where its type cannot be determined.
src/components/effects/FlameBackground.tsx(16,13): error TS18047: 'canvas' is possibly 'null'.
src/components/effects/FlameBackground.tsx(17,13): error TS18047: 'canvas' is possibly 'null'.
src/components/effects/FlameBackground.tsx(20,34): error TS7006: Parameter 'e' implicitly has an 'any' type.
src/components/effects/FlameBackground.tsx(34,22): error TS2339: Property 'x' does not exist on type 'Particle'.
src/components/effects/FlameBackground.tsx(34,42): error TS18047: 'canvas' is possibly 'null'.
src/components/effects/FlameBackground.tsx(35,22): error TS2339: Property 'y' does not exist on type 'Particle'.
src/components/effects/FlameBackground.tsx(35,26): error TS18047: 'canvas' is possibly 'null'.
src/components/effects/FlameBackground.tsx(36,22): error TS2339: Property 'size' does not exist on type 'Particle'.
src/components/effects/FlameBackground.tsx(37,22): error TS2339: Property 'speedY' does not exist on type 'Particle'.
src/components/effects/FlameBackground.tsx(38,22): error TS2339: Property 'speedX' does not exist on type 'Particle'.
src/components/effects/FlameBackground.tsx(39,22): error TS2339: Property 'life' does not exist on type 'Particle'.
src/components/effects/FlameBackground.tsx(40,22): error TS2339: Property 'maxLife' does not exist on type 'Particle'.
src/components/effects/FlameBackground.tsx(40,37): error TS2339: Property 'life' does not exist on type 'Particle'.
src/components/effects/FlameBackground.tsx(44,22): error TS2339: Property 'color' does not exist on type 'Particle'.
src/components/effects/FlameBackground.tsx(49,33): error TS2339: Property 'x' does not exist on type 'Particle'.
src/components/effects/FlameBackground.tsx(50,33): error TS2339: Property 'y' does not exist on type 'Particle'.
src/components/effects/FlameBackground.tsx(55,26): error TS2339: Property 'speedX' does not exist on type 'Particle'.
src/components/effects/FlameBackground.tsx(58,22): error TS2339: Property 'y' does not exist on type 'Particle'.
src/components/effects/FlameBackground.tsx(58,32): error TS2339: Property 'speedY' does not exist on type 'Particle'.
src/components/effects/FlameBackground.tsx(59,22): error TS2339: Property 'x' does not exist on type 'Particle'.
src/components/effects/FlameBackground.tsx(59,32): error TS2339: Property 'speedX' does not exist on type 'Particle'.
src/components/effects/FlameBackground.tsx(60,22): error TS2339: Property 'life' does not exist on type 'Particle'.
src/components/effects/FlameBackground.tsx(61,22): error TS2339: Property 'size' does not exist on type 'Particle'.
src/components/effects/FlameBackground.tsx(64,22): error TS2339: Property 'speedX' does not exist on type 'Particle'.
src/components/effects/FlameBackground.tsx(66,26): error TS2339: Property 'life' does not exist on type 'Particle'.
src/components/effects/FlameBackground.tsx(66,44): error TS2339: Property 'size' does not exist on type 'Particle'.
src/components/effects/FlameBackground.tsx(72,39): error TS2339: Property 'life' does not exist on type 'Particle'.
src/components/effects/FlameBackground.tsx(72,51): error TS2339: Property 'maxLife' does not exist on type 'Particle'.
src/components/effects/FlameBackground.tsx(75,30): error TS2339: Property 'x' does not exist on type 'Particle'.
src/components/effects/FlameBackground.tsx(75,38): error TS2339: Property 'y' does not exist on type 'Particle'.
src/components/effects/FlameBackground.tsx(75,46): error TS2339: Property 'size' does not exist on type 'Particle'.
src/components/effects/FlameBackground.tsx(78,38): error TS2339: Property 'color' does not exist on type 'Particle'.
src/components/effects/FlameBackground.tsx(79,39): error TS2339: Property 'size' does not exist on type 'Particle'.
src/components/effects/FlameBackground.tsx(80,40): error TS2339: Property 'color' does not exist on type 'Particle'.
src/components/effects/FlameBackground.tsx(93,33): error TS18047: 'canvas' is possibly 'null'.
src/components/effects/FlameBackground.tsx(93,47): error TS18047: 'canvas' is possibly 'null'.
src/components/effects/FlameBackground.tsx(114,34): error TS7005: Variable 'animationId' implicitly has an 'any' type.
src/components/effects/PageTransition.tsx(33,34): error TS7031: Binding element 'children' implicitly has an 'any' type.
src/components/effects/PageTransition.tsx(36,13): error TS2322: Type '{ initial: { opacity: number; y: number; scale: number; }; enter: { opacity: number; y: number; scale: number; transition: { duration: number; ease: number[]; }; }; exit: { opacity: number; y: number; scale: number; transition: { ...; }; }; }' is not assignable to type 'Variants'.
  Property 'enter' is incompatible with index signature.
    Type '{ opacity: number; y: number; scale: number; transition: { duration: number; ease: number[]; }; }' is not assignable to type 'Variant'.
      Type '{ opacity: number; y: number; scale: number; transition: { duration: number; ease: number[]; }; }' is not assignable to type 'TargetAndTransition'.
        Type '{ opacity: number; y: number; scale: number; transition: { duration: number; ease: number[]; }; }' is not assignable to type '{ transition?: Transition<any> | undefined; transitionEnd?: ResolvedValues | undefined; }'.
          Types of property 'transition' are incompatible.
            Type '{ duration: number; ease: number[]; }' is not assignable to type 'Transition<any> | undefined'.
              Type '{ duration: number; ease: number[]; }' is not assignable to type 'TransitionWithValueOverrides<any>'.
                Type '{ duration: number; ease: number[]; }' is not assignable to type 'ValueAnimationTransition<any>'.
                  Types of property 'ease' are incompatible.
                    Type 'number[]' is not assignable to type 'Easing | Easing[] | undefined'.
                      Type 'number[]' is not assignable to type 'EasingFunction | Easing[]'.
                        Type 'number[]' is not assignable to type 'Easing[]'.
                          Type 'number' is not assignable to type 'Easing'.
src/components/home/ChefSpecial.tsx(33,23): error TS18047: 'contentRef.current' is possibly 'null'.
src/components/home/ChefSpecial.tsx(66,30): error TS2741: Property 'className' is missing in type '{ children: string; variant: string; size: string; onClick: () => any; }' but required in type '{ children: any; onClick: any; variant?: string | undefined; size?: string | undefined; icon?: null | undefined; disabled?: boolean | undefined; className: any; type?: string | undefined; }'.
src/components/home/ChefSpecial.tsx(66,80): error TS2349: This expression is not callable.
  Type 'AppRouterInstance' has no call signatures.
src/components/home/ChefSpecial.tsx(69,30): error TS2741: Property 'className' is missing in type '{ children: string; variant: string; size: string; onClick: () => any; }' but required in type '{ children: any; onClick: any; variant?: string | undefined; size?: string | undefined; icon?: null | undefined; disabled?: boolean | undefined; className: any; type?: string | undefined; }'.
src/components/home/ChefSpecial.tsx(69,78): error TS2349: This expression is not callable.
  Type 'AppRouterInstance' has no call signatures.
